2025-11-18 21:41:12,287 - backend.middleware.error_handler - ERROR - Server Error: {'timestamp': '2025-11-18T20:41:12.287883', 'method': 'GET', 'path': 'http://testserver/test/auth', 'client': 'testclient', 'error_type': 'TypeError', 'error_message': "AuthenticationError.__init__() got an unexpected keyword argument 'error_code'", 'status_code': 500}
Traceback (most recent call last):
  File "C:\Users\win10\AppData\Roaming\Python\Python312\site-packages\starlette\middleware\errors.py", line 164, in __call__
    await self.app(scope, receive, _send)
  File "C:\Users\win10\AppData\Roaming\Python\Python312\site-packages\starlette\middleware\exceptions.py", line 63, in __call__
    await wrap_app_handling_exceptions(self.app, conn)(scope, receive, send)
  File "C:\Users\win10\AppData\Roaming\Python\Python312\site-packages\starlette\_exception_handler.py", line 53, in wrapped_app
    raise exc
  File "C:\Users\win10\AppData\Roaming\Python\Python312\site-packages\starlette\_exception_handler.py", line 42, in wrapped_app
    await app(scope, receive, sender)
  File "C:\Users\win10\AppData\Roaming\Python\Python312\site-packages\starlette\routing.py", line 716, in __call__
    await self.middleware_stack(scope, receive, send)
  File "C:\Users\win10\AppData\Roaming\Python\Python312\site-packages\starlette\routing.py", line 736, in app
    await route.handle(scope, receive, send)
  File "C:\Users\win10\AppData\Roaming\Python\Python312\site-packages\starlette\routing.py", line 290, in handle
    await self.app(scope, receive, send)
  File "C:\Users\win10\AppData\Roaming\Python\Python312\site-packages\starlette\routing.py", line 78, in app
    await wrap_app_handling_exceptions(app, request)(scope, receive, send)
  File "C:\Users\win10\AppData\Roaming\Python\Python312\site-packages\starlette\_exception_handler.py", line 53, in wrapped_app
    raise exc
  File "C:\Users\win10\AppData\Roaming\Python\Python312\site-packages\starlette\_exception_handler.py", line 42, in wrapped_app
    await app(scope, receive, sender)
  File "C:\Users\win10\AppData\Roaming\Python\Python312\site-packages\starlette\routing.py", line 75, in app
    response = await f(request)
               ^^^^^^^^^^^^^^^^
  File "C:\Users\win10\AppData\Roaming\Python\Python312\site-packages\fastapi\routing.py", line 302, in app
    raw_response = await run_endpoint_function(
                   ^^^^^^^^^^^^^^^^^^^^^^^^^^^^
  File "C:\Users\win10\AppData\Roaming\Python\Python312\site-packages\fastapi\routing.py", line 213, in run_endpoint_function
    return await dependant.call(**values)
           ^^^^^^^^^^^^^^^^^^^^^^^^^^^^^^
  File "C:\Users\win10\Desktop\Bokuk2 - Kopie\backend\tests\test_error_handling.py", line 459, in test_auth
    raise InvalidCredentialsError()
          ^^^^^^^^^^^^^^^^^^^^^^^^^
  File "C:\Users\win10\Desktop\Bokuk2 - Kopie\backend\core\exceptions.py", line 46, in __init__
    super().__init__(
TypeError: AuthenticationError.__init__() got an unexpected keyword argument 'error_code'
2025-11-18 21:41:12,392 - backend.middleware.error_handler - ERROR - Traceback: Traceback (most recent call last):
  File "C:\Users\win10\AppData\Roaming\Python\Python312\site-packages\starlette\middleware\errors.py", line 164, in __call__
    await self.app(scope, receive, _send)
  File "C:\Users\win10\AppData\Roaming\Python\Python312\site-packages\starlette\middleware\exceptions.py", line 63, in __call__
    await wrap_app_handling_exceptions(self.app, conn)(scope, receive, send)
  File "C:\Users\win10\AppData\Roaming\Python\Python312\site-packages\starlette\_exception_handler.py", line 53, in wrapped_app
    raise exc
  File "C:\Users\win10\AppData\Roaming\Python\Python312\site-packages\starlette\_exception_handler.py", line 42, in wrapped_app
    await app(scope, receive, sender)
  File "C:\Users\win10\AppData\Roaming\Python\Python312\site-packages\starlette\routing.py", line 716, in __call__
    await self.middleware_stack(scope, receive, send)
  File "C:\Users\win10\AppData\Roaming\Python\Python312\site-packages\starlette\routing.py", line 736, in app
    await route.handle(scope, receive, send)
  File "C:\Users\win10\AppData\Roaming\Python\Python312\site-packages\starlette\routing.py", line 290, in handle
    await self.app(scope, receive, send)
  File "C:\Users\win10\AppData\Roaming\Python\Python312\site-packages\starlette\routing.py", line 78, in app
    await wrap_app_handling_exceptions(app, request)(scope, receive, send)
  File "C:\Users\win10\AppData\Roaming\Python\Python312\site-packages\starlette\_exception_handler.py", line 53, in wrapped_app
    raise exc
  File "C:\Users\win10\AppData\Roaming\Python\Python312\site-packages\starlette\_exception_handler.py", line 42, in wrapped_app
    await app(scope, receive, sender)
  File "C:\Users\win10\AppData\Roaming\Python\Python312\site-packages\starlette\routing.py", line 75, in app
    response = await f(request)
               ^^^^^^^^^^^^^^^^
  File "C:\Users\win10\AppData\Roaming\Python\Python312\site-packages\fastapi\routing.py", line 302, in app
    raw_response = await run_endpoint_function(
                   ^^^^^^^^^^^^^^^^^^^^^^^^^^^^
  File "C:\Users\win10\AppData\Roaming\Python\Python312\site-packages\fastapi\routing.py", line 213, in run_endpoint_function
    return await dependant.call(**values)
           ^^^^^^^^^^^^^^^^^^^^^^^^^^^^^^
  File "C:\Users\win10\Desktop\Bokuk2 - Kopie\backend\tests\test_error_handling.py", line 459, in test_auth
    raise InvalidCredentialsError()
          ^^^^^^^^^^^^^^^^^^^^^^^^^
  File "C:\Users\win10\Desktop\Bokuk2 - Kopie\backend\core\exceptions.py", line 46, in __init__
    super().__init__(
TypeError: AuthenticationError.__init__() got an unexpected keyword argument 'error_code'

2025-11-18 21:41:13,568 - backend.middleware.error_handler - ERROR - Server Error: {'timestamp': '2025-11-18T20:41:13.568837', 'method': 'GET', 'path': 'http://testserver/test/server-error', 'client': 'testclient', 'error_type': 'Exception', 'error_message': 'Unexpected error', 'status_code': 500}
Traceback (most recent call last):
  File "C:\Users\win10\AppData\Roaming\Python\Python312\site-packages\starlette\middleware\errors.py", line 164, in __call__
    await self.app(scope, receive, _send)
  File "C:\Users\win10\AppData\Roaming\Python\Python312\site-packages\starlette\middleware\exceptions.py", line 63, in __call__
    await wrap_app_handling_exceptions(self.app, conn)(scope, receive, send)
  File "C:\Users\win10\AppData\Roaming\Python\Python312\site-packages\starlette\_exception_handler.py", line 53, in wrapped_app
    raise exc
  File "C:\Users\win10\AppData\Roaming\Python\Python312\site-packages\starlette\_exception_handler.py", line 42, in wrapped_app
    await app(scope, receive, sender)
  File "C:\Users\win10\AppData\Roaming\Python\Python312\site-packages\starlette\routing.py", line 716, in __call__
    await self.middleware_stack(scope, receive, send)
  File "C:\Users\win10\AppData\Roaming\Python\Python312\site-packages\starlette\routing.py", line 736, in app
    await route.handle(scope, receive, send)
  File "C:\Users\win10\AppData\Roaming\Python\Python312\site-packages\starlette\routing.py", line 290, in handle
    await self.app(scope, receive, send)
  File "C:\Users\win10\AppData\Roaming\Python\Python312\site-packages\starlette\routing.py", line 78, in app
    await wrap_app_handling_exceptions(app, request)(scope, receive, send)
  File "C:\Users\win10\AppData\Roaming\Python\Python312\site-packages\starlette\_exception_handler.py", line 53, in wrapped_app
    raise exc
  File "C:\Users\win10\AppData\Roaming\Python\Python312\site-packages\starlette\_exception_handler.py", line 42, in wrapped_app
    await app(scope, receive, sender)
  File "C:\Users\win10\AppData\Roaming\Python\Python312\site-packages\starlette\routing.py", line 75, in app
    response = await f(request)
               ^^^^^^^^^^^^^^^^
  File "C:\Users\win10\AppData\Roaming\Python\Python312\site-packages\fastapi\routing.py", line 302, in app
    raw_response = await run_endpoint_function(
                   ^^^^^^^^^^^^^^^^^^^^^^^^^^^^
  File "C:\Users\win10\AppData\Roaming\Python\Python312\site-packages\fastapi\routing.py", line 213, in run_endpoint_function
    return await dependant.call(**values)
           ^^^^^^^^^^^^^^^^^^^^^^^^^^^^^^
  File "C:\Users\win10\Desktop\Bokuk2 - Kopie\backend\tests\test_error_handling.py", line 463, in test_server_error
    raise Exception("Unexpected error")
Exception: Unexpected error
2025-11-18 21:41:13,571 - backend.middleware.error_handler - ERROR - Traceback: Traceback (most recent call last):
  File "C:\Users\win10\AppData\Roaming\Python\Python312\site-packages\starlette\middleware\errors.py", line 164, in __call__
    await self.app(scope, receive, _send)
  File "C:\Users\win10\AppData\Roaming\Python\Python312\site-packages\starlette\middleware\exceptions.py", line 63, in __call__
    await wrap_app_handling_exceptions(self.app, conn)(scope, receive, send)
  File "C:\Users\win10\AppData\Roaming\Python\Python312\site-packages\starlette\_exception_handler.py", line 53, in wrapped_app
    raise exc
  File "C:\Users\win10\AppData\Roaming\Python\Python312\site-packages\starlette\_exception_handler.py", line 42, in wrapped_app
    await app(scope, receive, sender)
  File "C:\Users\win10\AppData\Roaming\Python\Python312\site-packages\starlette\routing.py", line 716, in __call__
    await self.middleware_stack(scope, receive, send)
  File "C:\Users\win10\AppData\Roaming\Python\Python312\site-packages\starlette\routing.py", line 736, in app
    await route.handle(scope, receive, send)
  File "C:\Users\win10\AppData\Roaming\Python\Python312\site-packages\starlette\routing.py", line 290, in handle
    await self.app(scope, receive, send)
  File "C:\Users\win10\AppData\Roaming\Python\Python312\site-packages\starlette\routing.py", line 78, in app
    await wrap_app_handling_exceptions(app, request)(scope, receive, send)
  File "C:\Users\win10\AppData\Roaming\Python\Python312\site-packages\starlette\_exception_handler.py", line 53, in wrapped_app
    raise exc
  File "C:\Users\win10\AppData\Roaming\Python\Python312\site-packages\starlette\_exception_handler.py", line 42, in wrapped_app
    await app(scope, receive, sender)
  File "C:\Users\win10\AppData\Roaming\Python\Python312\site-packages\starlette\routing.py", line 75, in app
    response = await f(request)
               ^^^^^^^^^^^^^^^^
  File "C:\Users\win10\AppData\Roaming\Python\Python312\site-packages\fastapi\routing.py", line 302, in app
    raw_response = await run_endpoint_function(
                   ^^^^^^^^^^^^^^^^^^^^^^^^^^^^
  File "C:\Users\win10\AppData\Roaming\Python\Python312\site-packages\fastapi\routing.py", line 213, in run_endpoint_function
    return await dependant.call(**values)
           ^^^^^^^^^^^^^^^^^^^^^^^^^^^^^^
  File "C:\Users\win10\Desktop\Bokuk2 - Kopie\backend\tests\test_error_handling.py", line 463, in test_server_error
    raise Exception("Unexpected error")
Exception: Unexpected error

2025-11-18 21:42:17,431 - backend.middleware.error_handler - ERROR - Server Error: {'timestamp': '2025-11-18T20:42:17.431308', 'method': 'GET', 'path': 'http://testserver/test/server-error', 'client': 'testclient', 'error_type': 'Exception', 'error_message': 'Unexpected error', 'status_code': 500}
Traceback (most recent call last):
  File "C:\Users\win10\AppData\Roaming\Python\Python312\site-packages\starlette\middleware\errors.py", line 164, in __call__
    await self.app(scope, receive, _send)
  File "C:\Users\win10\AppData\Roaming\Python\Python312\site-packages\starlette\middleware\exceptions.py", line 63, in __call__
    await wrap_app_handling_exceptions(self.app, conn)(scope, receive, send)
  File "C:\Users\win10\AppData\Roaming\Python\Python312\site-packages\starlette\_exception_handler.py", line 53, in wrapped_app
    raise exc
  File "C:\Users\win10\AppData\Roaming\Python\Python312\site-packages\starlette\_exception_handler.py", line 42, in wrapped_app
    await app(scope, receive, sender)
  File "C:\Users\win10\AppData\Roaming\Python\Python312\site-packages\starlette\routing.py", line 716, in __call__
    await self.middleware_stack(scope, receive, send)
  File "C:\Users\win10\AppData\Roaming\Python\Python312\site-packages\starlette\routing.py", line 736, in app
    await route.handle(scope, receive, send)
  File "C:\Users\win10\AppData\Roaming\Python\Python312\site-packages\starlette\routing.py", line 290, in handle
    await self.app(scope, receive, send)
  File "C:\Users\win10\AppData\Roaming\Python\Python312\site-packages\starlette\routing.py", line 78, in app
    await wrap_app_handling_exceptions(app, request)(scope, receive, send)
  File "C:\Users\win10\AppData\Roaming\Python\Python312\site-packages\starlette\_exception_handler.py", line 53, in wrapped_app
    raise exc
  File "C:\Users\win10\AppData\Roaming\Python\Python312\site-packages\starlette\_exception_handler.py", line 42, in wrapped_app
    await app(scope, receive, sender)
  File "C:\Users\win10\AppData\Roaming\Python\Python312\site-packages\starlette\routing.py", line 75, in app
    response = await f(request)
               ^^^^^^^^^^^^^^^^
  File "C:\Users\win10\AppData\Roaming\Python\Python312\site-packages\fastapi\routing.py", line 302, in app
    raw_response = await run_endpoint_function(
                   ^^^^^^^^^^^^^^^^^^^^^^^^^^^^
  File "C:\Users\win10\AppData\Roaming\Python\Python312\site-packages\fastapi\routing.py", line 213, in run_endpoint_function
    return await dependant.call(**values)
           ^^^^^^^^^^^^^^^^^^^^^^^^^^^^^^
  File "C:\Users\win10\Desktop\Bokuk2 - Kopie\backend\tests\test_error_handling.py", line 463, in test_server_error
    raise Exception("Unexpected error")
Exception: Unexpected error
2025-11-18 21:42:17,436 - backend.middleware.error_handler - ERROR - Traceback: Traceback (most recent call last):
  File "C:\Users\win10\AppData\Roaming\Python\Python312\site-packages\starlette\middleware\errors.py", line 164, in __call__
    await self.app(scope, receive, _send)
  File "C:\Users\win10\AppData\Roaming\Python\Python312\site-packages\starlette\middleware\exceptions.py", line 63, in __call__
    await wrap_app_handling_exceptions(self.app, conn)(scope, receive, send)
  File "C:\Users\win10\AppData\Roaming\Python\Python312\site-packages\starlette\_exception_handler.py", line 53, in wrapped_app
    raise exc
  File "C:\Users\win10\AppData\Roaming\Python\Python312\site-packages\starlette\_exception_handler.py", line 42, in wrapped_app
    await app(scope, receive, sender)
  File "C:\Users\win10\AppData\Roaming\Python\Python312\site-packages\starlette\routing.py", line 716, in __call__
    await self.middleware_stack(scope, receive, send)
  File "C:\Users\win10\AppData\Roaming\Python\Python312\site-packages\starlette\routing.py", line 736, in app
    await route.handle(scope, receive, send)
  File "C:\Users\win10\AppData\Roaming\Python\Python312\site-packages\starlette\routing.py", line 290, in handle
    await self.app(scope, receive, send)
  File "C:\Users\win10\AppData\Roaming\Python\Python312\site-packages\starlette\routing.py", line 78, in app
    await wrap_app_handling_exceptions(app, request)(scope, receive, send)
  File "C:\Users\win10\AppData\Roaming\Python\Python312\site-packages\starlette\_exception_handler.py", line 53, in wrapped_app
    raise exc
  File "C:\Users\win10\AppData\Roaming\Python\Python312\site-packages\starlette\_exception_handler.py", line 42, in wrapped_app
    await app(scope, receive, sender)
  File "C:\Users\win10\AppData\Roaming\Python\Python312\site-packages\starlette\routing.py", line 75, in app
    response = await f(request)
               ^^^^^^^^^^^^^^^^
  File "C:\Users\win10\AppData\Roaming\Python\Python312\site-packages\fastapi\routing.py", line 302, in app
    raw_response = await run_endpoint_function(
                   ^^^^^^^^^^^^^^^^^^^^^^^^^^^^
  File "C:\Users\win10\AppData\Roaming\Python\Python312\site-packages\fastapi\routing.py", line 213, in run_endpoint_function
    return await dependant.call(**values)
           ^^^^^^^^^^^^^^^^^^^^^^^^^^^^^^
  File "C:\Users\win10\Desktop\Bokuk2 - Kopie\backend\tests\test_error_handling.py", line 463, in test_server_error
    raise Exception("Unexpected error")
Exception: Unexpected error

2025-11-18 21:42:53,475 - backend.middleware.error_handler - ERROR - Server Error: {'timestamp': '2025-11-18T20:42:53.475618', 'method': 'GET', 'path': 'http://testserver/test/server-error', 'client': 'testclient', 'error_type': 'Exception', 'error_message': 'Unexpected error', 'status_code': 500}
Traceback (most recent call last):
  File "C:\Users\win10\AppData\Roaming\Python\Python312\site-packages\starlette\middleware\errors.py", line 164, in __call__
    await self.app(scope, receive, _send)
  File "C:\Users\win10\AppData\Roaming\Python\Python312\site-packages\starlette\middleware\exceptions.py", line 63, in __call__
    await wrap_app_handling_exceptions(self.app, conn)(scope, receive, send)
  File "C:\Users\win10\AppData\Roaming\Python\Python312\site-packages\starlette\_exception_handler.py", line 53, in wrapped_app
    raise exc
  File "C:\Users\win10\AppData\Roaming\Python\Python312\site-packages\starlette\_exception_handler.py", line 42, in wrapped_app
    await app(scope, receive, sender)
  File "C:\Users\win10\AppData\Roaming\Python\Python312\site-packages\starlette\routing.py", line 716, in __call__
    await self.middleware_stack(scope, receive, send)
  File "C:\Users\win10\AppData\Roaming\Python\Python312\site-packages\starlette\routing.py", line 736, in app
    await route.handle(scope, receive, send)
  File "C:\Users\win10\AppData\Roaming\Python\Python312\site-packages\starlette\routing.py", line 290, in handle
    await self.app(scope, receive, send)
  File "C:\Users\win10\AppData\Roaming\Python\Python312\site-packages\starlette\routing.py", line 78, in app
    await wrap_app_handling_exceptions(app, request)(scope, receive, send)
  File "C:\Users\win10\AppData\Roaming\Python\Python312\site-packages\starlette\_exception_handler.py", line 53, in wrapped_app
    raise exc
  File "C:\Users\win10\AppData\Roaming\Python\Python312\site-packages\starlette\_exception_handler.py", line 42, in wrapped_app
    await app(scope, receive, sender)
  File "C:\Users\win10\AppData\Roaming\Python\Python312\site-packages\starlette\routing.py", line 75, in app
    response = await f(request)
               ^^^^^^^^^^^^^^^^
  File "C:\Users\win10\AppData\Roaming\Python\Python312\site-packages\fastapi\routing.py", line 302, in app
    raw_response = await run_endpoint_function(
                   ^^^^^^^^^^^^^^^^^^^^^^^^^^^^
  File "C:\Users\win10\AppData\Roaming\Python\Python312\site-packages\fastapi\routing.py", line 213, in run_endpoint_function
    return await dependant.call(**values)
           ^^^^^^^^^^^^^^^^^^^^^^^^^^^^^^
  File "C:\Users\win10\Desktop\Bokuk2 - Kopie\backend\tests\test_error_handling.py", line 463, in test_server_error
    raise Exception("Unexpected error")
Exception: Unexpected error
2025-11-18 21:42:53,480 - backend.middleware.error_handler - ERROR - Traceback: Traceback (most recent call last):
  File "C:\Users\win10\AppData\Roaming\Python\Python312\site-packages\starlette\middleware\errors.py", line 164, in __call__
    await self.app(scope, receive, _send)
  File "C:\Users\win10\AppData\Roaming\Python\Python312\site-packages\starlette\middleware\exceptions.py", line 63, in __call__
    await wrap_app_handling_exceptions(self.app, conn)(scope, receive, send)
  File "C:\Users\win10\AppData\Roaming\Python\Python312\site-packages\starlette\_exception_handler.py", line 53, in wrapped_app
    raise exc
  File "C:\Users\win10\AppData\Roaming\Python\Python312\site-packages\starlette\_exception_handler.py", line 42, in wrapped_app
    await app(scope, receive, sender)
  File "C:\Users\win10\AppData\Roaming\Python\Python312\site-packages\starlette\routing.py", line 716, in __call__
    await self.middleware_stack(scope, receive, send)
  File "C:\Users\win10\AppData\Roaming\Python\Python312\site-packages\starlette\routing.py", line 736, in app
    await route.handle(scope, receive, send)
  File "C:\Users\win10\AppData\Roaming\Python\Python312\site-packages\starlette\routing.py", line 290, in handle
    await self.app(scope, receive, send)
  File "C:\Users\win10\AppData\Roaming\Python\Python312\site-packages\starlette\routing.py", line 78, in app
    await wrap_app_handling_exceptions(app, request)(scope, receive, send)
  File "C:\Users\win10\AppData\Roaming\Python\Python312\site-packages\starlette\_exception_handler.py", line 53, in wrapped_app
    raise exc
  File "C:\Users\win10\AppData\Roaming\Python\Python312\site-packages\starlette\_exception_handler.py", line 42, in wrapped_app
    await app(scope, receive, sender)
  File "C:\Users\win10\AppData\Roaming\Python\Python312\site-packages\starlette\routing.py", line 75, in app
    response = await f(request)
               ^^^^^^^^^^^^^^^^
  File "C:\Users\win10\AppData\Roaming\Python\Python312\site-packages\fastapi\routing.py", line 302, in app
    raw_response = await run_endpoint_function(
                   ^^^^^^^^^^^^^^^^^^^^^^^^^^^^
  File "C:\Users\win10\AppData\Roaming\Python\Python312\site-packages\fastapi\routing.py", line 213, in run_endpoint_function
    return await dependant.call(**values)
           ^^^^^^^^^^^^^^^^^^^^^^^^^^^^^^
  File "C:\Users\win10\Desktop\Bokuk2 - Kopie\backend\tests\test_error_handling.py", line 463, in test_server_error
    raise Exception("Unexpected error")
Exception: Unexpected error

2025-11-18 21:43:17,772 - backend.middleware.error_handler - ERROR - Server Error: {'timestamp': '2025-11-18T20:43:17.772257', 'method': 'GET', 'path': 'http://testserver/test/server-error', 'client': 'testclient', 'error_type': 'Exception', 'error_message': 'Unexpected error', 'status_code': 500}
Traceback (most recent call last):
  File "C:\Users\win10\AppData\Roaming\Python\Python312\site-packages\starlette\middleware\errors.py", line 164, in __call__
    await self.app(scope, receive, _send)
  File "C:\Users\win10\AppData\Roaming\Python\Python312\site-packages\starlette\middleware\exceptions.py", line 63, in __call__
    await wrap_app_handling_exceptions(self.app, conn)(scope, receive, send)
  File "C:\Users\win10\AppData\Roaming\Python\Python312\site-packages\starlette\_exception_handler.py", line 53, in wrapped_app
    raise exc
  File "C:\Users\win10\AppData\Roaming\Python\Python312\site-packages\starlette\_exception_handler.py", line 42, in wrapped_app
    await app(scope, receive, sender)
  File "C:\Users\win10\AppData\Roaming\Python\Python312\site-packages\starlette\routing.py", line 716, in __call__
    await self.middleware_stack(scope, receive, send)
  File "C:\Users\win10\AppData\Roaming\Python\Python312\site-packages\starlette\routing.py", line 736, in app
    await route.handle(scope, receive, send)
  File "C:\Users\win10\AppData\Roaming\Python\Python312\site-packages\starlette\routing.py", line 290, in handle
    await self.app(scope, receive, send)
  File "C:\Users\win10\AppData\Roaming\Python\Python312\site-packages\starlette\routing.py", line 78, in app
    await wrap_app_handling_exceptions(app, request)(scope, receive, send)
  File "C:\Users\win10\AppData\Roaming\Python\Python312\site-packages\starlette\_exception_handler.py", line 53, in wrapped_app
    raise exc
  File "C:\Users\win10\AppData\Roaming\Python\Python312\site-packages\starlette\_exception_handler.py", line 42, in wrapped_app
    await app(scope, receive, sender)
  File "C:\Users\win10\AppData\Roaming\Python\Python312\site-packages\starlette\routing.py", line 75, in app
    response = await f(request)
               ^^^^^^^^^^^^^^^^
  File "C:\Users\win10\AppData\Roaming\Python\Python312\site-packages\fastapi\routing.py", line 302, in app
    raw_response = await run_endpoint_function(
                   ^^^^^^^^^^^^^^^^^^^^^^^^^^^^
  File "C:\Users\win10\AppData\Roaming\Python\Python312\site-packages\fastapi\routing.py", line 213, in run_endpoint_function
    return await dependant.call(**values)
           ^^^^^^^^^^^^^^^^^^^^^^^^^^^^^^
  File "C:\Users\win10\Desktop\Bokuk2 - Kopie\backend\tests\test_error_handling.py", line 463, in test_server_error
    raise Exception("Unexpected error")
Exception: Unexpected error
2025-11-18 21:43:17,776 - backend.middleware.error_handler - ERROR - Traceback: Traceback (most recent call last):
  File "C:\Users\win10\AppData\Roaming\Python\Python312\site-packages\starlette\middleware\errors.py", line 164, in __call__
    await self.app(scope, receive, _send)
  File "C:\Users\win10\AppData\Roaming\Python\Python312\site-packages\starlette\middleware\exceptions.py", line 63, in __call__
    await wrap_app_handling_exceptions(self.app, conn)(scope, receive, send)
  File "C:\Users\win10\AppData\Roaming\Python\Python312\site-packages\starlette\_exception_handler.py", line 53, in wrapped_app
    raise exc
  File "C:\Users\win10\AppData\Roaming\Python\Python312\site-packages\starlette\_exception_handler.py", line 42, in wrapped_app
    await app(scope, receive, sender)
  File "C:\Users\win10\AppData\Roaming\Python\Python312\site-packages\starlette\routing.py", line 716, in __call__
    await self.middleware_stack(scope, receive, send)
  File "C:\Users\win10\AppData\Roaming\Python\Python312\site-packages\starlette\routing.py", line 736, in app
    await route.handle(scope, receive, send)
  File "C:\Users\win10\AppData\Roaming\Python\Python312\site-packages\starlette\routing.py", line 290, in handle
    await self.app(scope, receive, send)
  File "C:\Users\win10\AppData\Roaming\Python\Python312\site-packages\starlette\routing.py", line 78, in app
    await wrap_app_handling_exceptions(app, request)(scope, receive, send)
  File "C:\Users\win10\AppData\Roaming\Python\Python312\site-packages\starlette\_exception_handler.py", line 53, in wrapped_app
    raise exc
  File "C:\Users\win10\AppData\Roaming\Python\Python312\site-packages\starlette\_exception_handler.py", line 42, in wrapped_app
    await app(scope, receive, sender)
  File "C:\Users\win10\AppData\Roaming\Python\Python312\site-packages\starlette\routing.py", line 75, in app
    response = await f(request)
               ^^^^^^^^^^^^^^^^
  File "C:\Users\win10\AppData\Roaming\Python\Python312\site-packages\fastapi\routing.py", line 302, in app
    raw_response = await run_endpoint_function(
                   ^^^^^^^^^^^^^^^^^^^^^^^^^^^^
  File "C:\Users\win10\AppData\Roaming\Python\Python312\site-packages\fastapi\routing.py", line 213, in run_endpoint_function
    return await dependant.call(**values)
           ^^^^^^^^^^^^^^^^^^^^^^^^^^^^^^
  File "C:\Users\win10\Desktop\Bokuk2 - Kopie\backend\tests\test_error_handling.py", line 463, in test_server_error
    raise Exception("Unexpected error")
Exception: Unexpected error

